Device: Tesla V100-PCIE-32GB | capability=(7, 0) | backend=sdpa | amp_dtype=torch.float16 | compile=False
Vocab size: 8,192
Model config: {'sequence_len': 2048, 'vocab_size': 8192, 'n_layer': 8, 'n_head': 8, 'n_kv_head': 8, 'n_embd': 512, 'window_pattern': 'L', 'architecture_mode': 'standard', 'num_unroll_steps': 8, 'num_shared_blocks': 1, 'use_depth_embedding': True, 'use_recurrent_state': False, 'state_dim': 128, 'attention_every': 1, 'mlp_ratio': 4}
Parameter counts:
  wte                     : 4,194,304
  lm_head                 : 4,194,304
  stack                   : 25,165,824
  total                   : 33,554,432
Estimated FLOPs per token: 3.019899e+08
Scaling AdamW LRs by 1/sqrt(512/768) = 1.224745
Time budget: 300s
Gradient accumulation steps: 1
Traceback (most recent call last):
  File "/home/fvalade/autoresearch/train.py", line 739, in <module>
    loss = model(x, y)
  File "/home/fvalade/autoresearch/.venv/lib/python3.10/site-packages/torch/nn/modules/module.py", line 1775, in _wrapped_call_impl
    return self._call_impl(*args, **kwargs)
  File "/home/fvalade/autoresearch/.venv/lib/python3.10/site-packages/torch/nn/modules/module.py", line 1786, in _call_impl
    return forward_call(*args, **kwargs)
  File "/home/fvalade/autoresearch/train.py", line 463, in forward
    logits = self.lm_head(x).float()
torch.OutOfMemoryError: CUDA out of memory. Tried to allocate 1024.00 MiB. GPU 0 has a total capacity of 31.73 GiB of which 848.19 MiB is free. Process 3836728 has 21.89 GiB memory in use. Including non-PyTorch memory, this process has 9.00 GiB memory in use. Of the allocated memory 8.43 GiB is allocated by PyTorch, and 208.62 MiB is reserved by PyTorch but unallocated. If reserved but unallocated memory is large try setting PYTORCH_CUDA_ALLOC_CONF=expandable_segments:True to avoid fragmentation.  See documentation for Memory Management  (https://pytorch.org/docs/stable/notes/cuda.html#environment-variables)
